Archive member included because of file (symbol)

/Users/stevenparker/toolchains/gcc-arm-none-eabi-4_7-2013q2/bin/../lib/gcc/arm-none-eabi/4.7.4/../../../../arm-none-eabi/lib/armv6-m/libc_s.a(lib_a-__atexit2.o)
                              /Users/stevenparker/toolchains/gcc-arm-none-eabi-4_7-2013q2/bin/../lib/gcc/arm-none-eabi/4.7.4/../../../../arm-none-eabi/lib/armv6-m/crt0.o (__register_exitproc)
/Users/stevenparker/toolchains/gcc-arm-none-eabi-4_7-2013q2/bin/../lib/gcc/arm-none-eabi/4.7.4/../../../../arm-none-eabi/lib/armv6-m/libc_s.a(lib_a-exit.o)
                              /Users/stevenparker/toolchains/gcc-arm-none-eabi-4_7-2013q2/bin/../lib/gcc/arm-none-eabi/4.7.4/../../../../arm-none-eabi/lib/armv6-m/crt0.o (exit)
/Users/stevenparker/toolchains/gcc-arm-none-eabi-4_7-2013q2/bin/../lib/gcc/arm-none-eabi/4.7.4/../../../../arm-none-eabi/lib/armv6-m/libc_s.a(lib_a-fini.o)
                              /Users/stevenparker/toolchains/gcc-arm-none-eabi-4_7-2013q2/bin/../lib/gcc/arm-none-eabi/4.7.4/../../../../arm-none-eabi/lib/armv6-m/crt0.o (__libc_fini_array)
/Users/stevenparker/toolchains/gcc-arm-none-eabi-4_7-2013q2/bin/../lib/gcc/arm-none-eabi/4.7.4/../../../../arm-none-eabi/lib/armv6-m/libc_s.a(lib_a-impure.o)
                              /Users/stevenparker/toolchains/gcc-arm-none-eabi-4_7-2013q2/bin/../lib/gcc/arm-none-eabi/4.7.4/../../../../arm-none-eabi/lib/armv6-m/libc_s.a(lib_a-exit.o) (_global_impure_ptr)
/Users/stevenparker/toolchains/gcc-arm-none-eabi-4_7-2013q2/bin/../lib/gcc/arm-none-eabi/4.7.4/../../../../arm-none-eabi/lib/armv6-m/libc_s.a(lib_a-init.o)
                              /Users/stevenparker/toolchains/gcc-arm-none-eabi-4_7-2013q2/bin/../lib/gcc/arm-none-eabi/4.7.4/../../../../arm-none-eabi/lib/armv6-m/crt0.o (__libc_init_array)
/Users/stevenparker/toolchains/gcc-arm-none-eabi-4_7-2013q2/bin/../lib/gcc/arm-none-eabi/4.7.4/../../../../arm-none-eabi/lib/armv6-m/libc_s.a(lib_a-memset.o)
                              /Users/stevenparker/toolchains/gcc-arm-none-eabi-4_7-2013q2/bin/../lib/gcc/arm-none-eabi/4.7.4/../../../../arm-none-eabi/lib/armv6-m/crt0.o (memset)
/Users/stevenparker/toolchains/gcc-arm-none-eabi-4_7-2013q2/bin/../lib/gcc/arm-none-eabi/4.7.4/../../../../arm-none-eabi/lib/armv6-m/libnosys.a(_exit.o)
                              /Users/stevenparker/toolchains/gcc-arm-none-eabi-4_7-2013q2/bin/../lib/gcc/arm-none-eabi/4.7.4/../../../../arm-none-eabi/lib/armv6-m/libc_s.a(lib_a-exit.o) (_exit)

Discarded input sections

 .text          0x0000000000000000        0x0 /Users/stevenparker/toolchains/gcc-arm-none-eabi-4_7-2013q2/bin/../lib/gcc/arm-none-eabi/4.7.4/armv6-m/crti.o
 .data          0x0000000000000000        0x0 /Users/stevenparker/toolchains/gcc-arm-none-eabi-4_7-2013q2/bin/../lib/gcc/arm-none-eabi/4.7.4/armv6-m/crti.o
 .bss           0x0000000000000000        0x0 /Users/stevenparker/toolchains/gcc-arm-none-eabi-4_7-2013q2/bin/../lib/gcc/arm-none-eabi/4.7.4/armv6-m/crti.o
 .init          0x0000000000000000        0x4 /Users/stevenparker/toolchains/gcc-arm-none-eabi-4_7-2013q2/bin/../lib/gcc/arm-none-eabi/4.7.4/armv6-m/crti.o
 .fini          0x0000000000000000        0x4 /Users/stevenparker/toolchains/gcc-arm-none-eabi-4_7-2013q2/bin/../lib/gcc/arm-none-eabi/4.7.4/armv6-m/crti.o
 .ARM.attributes
                0x0000000000000000       0x1e /Users/stevenparker/toolchains/gcc-arm-none-eabi-4_7-2013q2/bin/../lib/gcc/arm-none-eabi/4.7.4/armv6-m/crti.o
 .text          0x0000000000000000       0x60 /Users/stevenparker/toolchains/gcc-arm-none-eabi-4_7-2013q2/bin/../lib/gcc/arm-none-eabi/4.7.4/armv6-m/crtbegin.o
 .data          0x0000000000000000        0x4 /Users/stevenparker/toolchains/gcc-arm-none-eabi-4_7-2013q2/bin/../lib/gcc/arm-none-eabi/4.7.4/armv6-m/crtbegin.o
 .bss           0x0000000000000000       0x1c /Users/stevenparker/toolchains/gcc-arm-none-eabi-4_7-2013q2/bin/../lib/gcc/arm-none-eabi/4.7.4/armv6-m/crtbegin.o
 .init_array    0x0000000000000000        0x4 /Users/stevenparker/toolchains/gcc-arm-none-eabi-4_7-2013q2/bin/../lib/gcc/arm-none-eabi/4.7.4/armv6-m/crtbegin.o
 .fini_array    0x0000000000000000        0x4 /Users/stevenparker/toolchains/gcc-arm-none-eabi-4_7-2013q2/bin/../lib/gcc/arm-none-eabi/4.7.4/armv6-m/crtbegin.o
 .eh_frame      0x0000000000000000        0x0 /Users/stevenparker/toolchains/gcc-arm-none-eabi-4_7-2013q2/bin/../lib/gcc/arm-none-eabi/4.7.4/armv6-m/crtbegin.o
 .jcr           0x0000000000000000        0x0 /Users/stevenparker/toolchains/gcc-arm-none-eabi-4_7-2013q2/bin/../lib/gcc/arm-none-eabi/4.7.4/armv6-m/crtbegin.o
 .ARM.attributes
                0x0000000000000000       0x2c /Users/stevenparker/toolchains/gcc-arm-none-eabi-4_7-2013q2/bin/../lib/gcc/arm-none-eabi/4.7.4/armv6-m/crtbegin.o
 .text          0x0000000000000000       0x74 /Users/stevenparker/toolchains/gcc-arm-none-eabi-4_7-2013q2/bin/../lib/gcc/arm-none-eabi/4.7.4/../../../../arm-none-eabi/lib/armv6-m/crt0.o
 .data          0x0000000000000000        0x0 /Users/stevenparker/toolchains/gcc-arm-none-eabi-4_7-2013q2/bin/../lib/gcc/arm-none-eabi/4.7.4/../../../../arm-none-eabi/lib/armv6-m/crt0.o
 .bss           0x0000000000000000        0x0 /Users/stevenparker/toolchains/gcc-arm-none-eabi-4_7-2013q2/bin/../lib/gcc/arm-none-eabi/4.7.4/../../../../arm-none-eabi/lib/armv6-m/crt0.o
 .ARM.extab     0x0000000000000000        0x0 /Users/stevenparker/toolchains/gcc-arm-none-eabi-4_7-2013q2/bin/../lib/gcc/arm-none-eabi/4.7.4/../../../../arm-none-eabi/lib/armv6-m/crt0.o
 .ARM.exidx     0x0000000000000000        0x8 /Users/stevenparker/toolchains/gcc-arm-none-eabi-4_7-2013q2/bin/../lib/gcc/arm-none-eabi/4.7.4/../../../../arm-none-eabi/lib/armv6-m/crt0.o
 .ARM.attributes
                0x0000000000000000       0x1c /Users/stevenparker/toolchains/gcc-arm-none-eabi-4_7-2013q2/bin/../lib/gcc/arm-none-eabi/4.7.4/../../../../arm-none-eabi/lib/armv6-m/crt0.o
 .text          0x0000000000000000        0x0 /var/folders/wv/bpgj319905s5rl92drfwf9k40000gn/T//ccPqVA6E.o
 .data          0x0000000000000000        0x0 /var/folders/wv/bpgj319905s5rl92drfwf9k40000gn/T//ccPqVA6E.o
 .bss           0x0000000000000000        0x0 /var/folders/wv/bpgj319905s5rl92drfwf9k40000gn/T//ccPqVA6E.o
 .data.UARTCLKDIV
                0x0000000000000000        0x4 /var/folders/wv/bpgj319905s5rl92drfwf9k40000gn/T//ccPqVA6E.o
 .data          0x0000000000000000        0x0 /var/folders/wv/bpgj319905s5rl92drfwf9k40000gn/T//ccAS3grK.o
 .bss           0x0000000000000000        0x0 /var/folders/wv/bpgj319905s5rl92drfwf9k40000gn/T//ccAS3grK.o
 .text          0x0000000000000000        0x0 /Users/stevenparker/toolchains/gcc-arm-none-eabi-4_7-2013q2/bin/../lib/gcc/arm-none-eabi/4.7.4/../../../../arm-none-eabi/lib/armv6-m/libc_s.a(lib_a-__atexit2.o)
 .data          0x0000000000000000        0x0 /Users/stevenparker/toolchains/gcc-arm-none-eabi-4_7-2013q2/bin/../lib/gcc/arm-none-eabi/4.7.4/../../../../arm-none-eabi/lib/armv6-m/libc_s.a(lib_a-__atexit2.o)
 .bss           0x0000000000000000        0x0 /Users/stevenparker/toolchains/gcc-arm-none-eabi-4_7-2013q2/bin/../lib/gcc/arm-none-eabi/4.7.4/../../../../arm-none-eabi/lib/armv6-m/libc_s.a(lib_a-__atexit2.o)
 .text.__register_exitproc
                0x0000000000000000       0x18 /Users/stevenparker/toolchains/gcc-arm-none-eabi-4_7-2013q2/bin/../lib/gcc/arm-none-eabi/4.7.4/../../../../arm-none-eabi/lib/armv6-m/libc_s.a(lib_a-__atexit2.o)
 .ARM.attributes
                0x0000000000000000       0x2c /Users/stevenparker/toolchains/gcc-arm-none-eabi-4_7-2013q2/bin/../lib/gcc/arm-none-eabi/4.7.4/../../../../arm-none-eabi/lib/armv6-m/libc_s.a(lib_a-__atexit2.o)
 .debug_frame   0x0000000000000000       0x28 /Users/stevenparker/toolchains/gcc-arm-none-eabi-4_7-2013q2/bin/../lib/gcc/arm-none-eabi/4.7.4/../../../../arm-none-eabi/lib/armv6-m/libc_s.a(lib_a-__atexit2.o)
 .text          0x0000000000000000        0x0 /Users/stevenparker/toolchains/gcc-arm-none-eabi-4_7-2013q2/bin/../lib/gcc/arm-none-eabi/4.7.4/../../../../arm-none-eabi/lib/armv6-m/libc_s.a(lib_a-exit.o)
 .data          0x0000000000000000        0x0 /Users/stevenparker/toolchains/gcc-arm-none-eabi-4_7-2013q2/bin/../lib/gcc/arm-none-eabi/4.7.4/../../../../arm-none-eabi/lib/armv6-m/libc_s.a(lib_a-exit.o)
 .bss           0x0000000000000000        0x0 /Users/stevenparker/toolchains/gcc-arm-none-eabi-4_7-2013q2/bin/../lib/gcc/arm-none-eabi/4.7.4/../../../../arm-none-eabi/lib/armv6-m/libc_s.a(lib_a-exit.o)
 .text.exit     0x0000000000000000       0x30 /Users/stevenparker/toolchains/gcc-arm-none-eabi-4_7-2013q2/bin/../lib/gcc/arm-none-eabi/4.7.4/../../../../arm-none-eabi/lib/armv6-m/libc_s.a(lib_a-exit.o)
 .ARM.attributes
                0x0000000000000000       0x2c /Users/stevenparker/toolchains/gcc-arm-none-eabi-4_7-2013q2/bin/../lib/gcc/arm-none-eabi/4.7.4/../../../../arm-none-eabi/lib/armv6-m/libc_s.a(lib_a-exit.o)
 .debug_frame   0x0000000000000000       0x28 /Users/stevenparker/toolchains/gcc-arm-none-eabi-4_7-2013q2/bin/../lib/gcc/arm-none-eabi/4.7.4/../../../../arm-none-eabi/lib/armv6-m/libc_s.a(lib_a-exit.o)
 .text          0x0000000000000000        0x0 /Users/stevenparker/toolchains/gcc-arm-none-eabi-4_7-2013q2/bin/../lib/gcc/arm-none-eabi/4.7.4/../../../../arm-none-eabi/lib/armv6-m/libc_s.a(lib_a-fini.o)
 .data          0x0000000000000000        0x0 /Users/stevenparker/toolchains/gcc-arm-none-eabi-4_7-2013q2/bin/../lib/gcc/arm-none-eabi/4.7.4/../../../../arm-none-eabi/lib/armv6-m/libc_s.a(lib_a-fini.o)
 .bss           0x0000000000000000        0x0 /Users/stevenparker/toolchains/gcc-arm-none-eabi-4_7-2013q2/bin/../lib/gcc/arm-none-eabi/4.7.4/../../../../arm-none-eabi/lib/armv6-m/libc_s.a(lib_a-fini.o)
 .text.__libc_fini_array
                0x0000000000000000       0x2c /Users/stevenparker/toolchains/gcc-arm-none-eabi-4_7-2013q2/bin/../lib/gcc/arm-none-eabi/4.7.4/../../../../arm-none-eabi/lib/armv6-m/libc_s.a(lib_a-fini.o)
 .ARM.attributes
                0x0000000000000000       0x2c /Users/stevenparker/toolchains/gcc-arm-none-eabi-4_7-2013q2/bin/../lib/gcc/arm-none-eabi/4.7.4/../../../../arm-none-eabi/lib/armv6-m/libc_s.a(lib_a-fini.o)
 .debug_frame   0x0000000000000000       0x2c /Users/stevenparker/toolchains/gcc-arm-none-eabi-4_7-2013q2/bin/../lib/gcc/arm-none-eabi/4.7.4/../../../../arm-none-eabi/lib/armv6-m/libc_s.a(lib_a-fini.o)
 .text          0x0000000000000000        0x0 /Users/stevenparker/toolchains/gcc-arm-none-eabi-4_7-2013q2/bin/../lib/gcc/arm-none-eabi/4.7.4/../../../../arm-none-eabi/lib/armv6-m/libc_s.a(lib_a-impure.o)
 .data          0x0000000000000000        0x0 /Users/stevenparker/toolchains/gcc-arm-none-eabi-4_7-2013q2/bin/../lib/gcc/arm-none-eabi/4.7.4/../../../../arm-none-eabi/lib/armv6-m/libc_s.a(lib_a-impure.o)
 .bss           0x0000000000000000        0x0 /Users/stevenparker/toolchains/gcc-arm-none-eabi-4_7-2013q2/bin/../lib/gcc/arm-none-eabi/4.7.4/../../../../arm-none-eabi/lib/armv6-m/libc_s.a(lib_a-impure.o)
 .data.impure_data
                0x0000000000000000       0x64 /Users/stevenparker/toolchains/gcc-arm-none-eabi-4_7-2013q2/bin/../lib/gcc/arm-none-eabi/4.7.4/../../../../arm-none-eabi/lib/armv6-m/libc_s.a(lib_a-impure.o)
 .data._impure_ptr
                0x0000000000000000        0x4 /Users/stevenparker/toolchains/gcc-arm-none-eabi-4_7-2013q2/bin/../lib/gcc/arm-none-eabi/4.7.4/../../../../arm-none-eabi/lib/armv6-m/libc_s.a(lib_a-impure.o)
 .rodata.str1.1
                0x0000000000000000        0x2 /Users/stevenparker/toolchains/gcc-arm-none-eabi-4_7-2013q2/bin/../lib/gcc/arm-none-eabi/4.7.4/../../../../arm-none-eabi/lib/armv6-m/libc_s.a(lib_a-impure.o)
 .rodata._global_impure_ptr
                0x0000000000000000        0x4 /Users/stevenparker/toolchains/gcc-arm-none-eabi-4_7-2013q2/bin/../lib/gcc/arm-none-eabi/4.7.4/../../../../arm-none-eabi/lib/armv6-m/libc_s.a(lib_a-impure.o)
 .ARM.attributes
                0x0000000000000000       0x2c /Users/stevenparker/toolchains/gcc-arm-none-eabi-4_7-2013q2/bin/../lib/gcc/arm-none-eabi/4.7.4/../../../../arm-none-eabi/lib/armv6-m/libc_s.a(lib_a-impure.o)
 .text          0x0000000000000000        0x0 /Users/stevenparker/toolchains/gcc-arm-none-eabi-4_7-2013q2/bin/../lib/gcc/arm-none-eabi/4.7.4/../../../../arm-none-eabi/lib/armv6-m/libc_s.a(lib_a-init.o)
 .data          0x0000000000000000        0x0 /Users/stevenparker/toolchains/gcc-arm-none-eabi-4_7-2013q2/bin/../lib/gcc/arm-none-eabi/4.7.4/../../../../arm-none-eabi/lib/armv6-m/libc_s.a(lib_a-init.o)
 .bss           0x0000000000000000        0x0 /Users/stevenparker/toolchains/gcc-arm-none-eabi-4_7-2013q2/bin/../lib/gcc/arm-none-eabi/4.7.4/../../../../arm-none-eabi/lib/armv6-m/libc_s.a(lib_a-init.o)
 .text.__libc_init_array
                0x0000000000000000       0x4c /Users/stevenparker/toolchains/gcc-arm-none-eabi-4_7-2013q2/bin/../lib/gcc/arm-none-eabi/4.7.4/../../../../arm-none-eabi/lib/armv6-m/libc_s.a(lib_a-init.o)
 .ARM.attributes
                0x0000000000000000       0x2c /Users/stevenparker/toolchains/gcc-arm-none-eabi-4_7-2013q2/bin/../lib/gcc/arm-none-eabi/4.7.4/../../../../arm-none-eabi/lib/armv6-m/libc_s.a(lib_a-init.o)
 .debug_frame   0x0000000000000000       0x2c /Users/stevenparker/toolchains/gcc-arm-none-eabi-4_7-2013q2/bin/../lib/gcc/arm-none-eabi/4.7.4/../../../../arm-none-eabi/lib/armv6-m/libc_s.a(lib_a-init.o)
 .text          0x0000000000000000        0x0 /Users/stevenparker/toolchains/gcc-arm-none-eabi-4_7-2013q2/bin/../lib/gcc/arm-none-eabi/4.7.4/../../../../arm-none-eabi/lib/armv6-m/libc_s.a(lib_a-memset.o)
 .data          0x0000000000000000        0x0 /Users/stevenparker/toolchains/gcc-arm-none-eabi-4_7-2013q2/bin/../lib/gcc/arm-none-eabi/4.7.4/../../../../arm-none-eabi/lib/armv6-m/libc_s.a(lib_a-memset.o)
 .bss           0x0000000000000000        0x0 /Users/stevenparker/toolchains/gcc-arm-none-eabi-4_7-2013q2/bin/../lib/gcc/arm-none-eabi/4.7.4/../../../../arm-none-eabi/lib/armv6-m/libc_s.a(lib_a-memset.o)
 .text.memset   0x0000000000000000       0x10 /Users/stevenparker/toolchains/gcc-arm-none-eabi-4_7-2013q2/bin/../lib/gcc/arm-none-eabi/4.7.4/../../../../arm-none-eabi/lib/armv6-m/libc_s.a(lib_a-memset.o)
 .ARM.attributes
                0x0000000000000000       0x2c /Users/stevenparker/toolchains/gcc-arm-none-eabi-4_7-2013q2/bin/../lib/gcc/arm-none-eabi/4.7.4/../../../../arm-none-eabi/lib/armv6-m/libc_s.a(lib_a-memset.o)
 .debug_frame   0x0000000000000000       0x20 /Users/stevenparker/toolchains/gcc-arm-none-eabi-4_7-2013q2/bin/../lib/gcc/arm-none-eabi/4.7.4/../../../../arm-none-eabi/lib/armv6-m/libc_s.a(lib_a-memset.o)
 .text          0x0000000000000000        0x0 /Users/stevenparker/toolchains/gcc-arm-none-eabi-4_7-2013q2/bin/../lib/gcc/arm-none-eabi/4.7.4/../../../../arm-none-eabi/lib/armv6-m/libnosys.a(_exit.o)
 .data          0x0000000000000000        0x0 /Users/stevenparker/toolchains/gcc-arm-none-eabi-4_7-2013q2/bin/../lib/gcc/arm-none-eabi/4.7.4/../../../../arm-none-eabi/lib/armv6-m/libnosys.a(_exit.o)
 .bss           0x0000000000000000        0x0 /Users/stevenparker/toolchains/gcc-arm-none-eabi-4_7-2013q2/bin/../lib/gcc/arm-none-eabi/4.7.4/../../../../arm-none-eabi/lib/armv6-m/libnosys.a(_exit.o)
 .text._exit    0x0000000000000000        0x4 /Users/stevenparker/toolchains/gcc-arm-none-eabi-4_7-2013q2/bin/../lib/gcc/arm-none-eabi/4.7.4/../../../../arm-none-eabi/lib/armv6-m/libnosys.a(_exit.o)
 .ARM.attributes
                0x0000000000000000       0x2c /Users/stevenparker/toolchains/gcc-arm-none-eabi-4_7-2013q2/bin/../lib/gcc/arm-none-eabi/4.7.4/../../../../arm-none-eabi/lib/armv6-m/libnosys.a(_exit.o)
 .debug_frame   0x0000000000000000       0x20 /Users/stevenparker/toolchains/gcc-arm-none-eabi-4_7-2013q2/bin/../lib/gcc/arm-none-eabi/4.7.4/../../../../arm-none-eabi/lib/armv6-m/libnosys.a(_exit.o)
 .text          0x0000000000000000        0x0 /Users/stevenparker/toolchains/gcc-arm-none-eabi-4_7-2013q2/bin/../lib/gcc/arm-none-eabi/4.7.4/armv6-m/crtend.o
 .data          0x0000000000000000        0x0 /Users/stevenparker/toolchains/gcc-arm-none-eabi-4_7-2013q2/bin/../lib/gcc/arm-none-eabi/4.7.4/armv6-m/crtend.o
 .bss           0x0000000000000000        0x0 /Users/stevenparker/toolchains/gcc-arm-none-eabi-4_7-2013q2/bin/../lib/gcc/arm-none-eabi/4.7.4/armv6-m/crtend.o
 .eh_frame      0x0000000000000000        0x4 /Users/stevenparker/toolchains/gcc-arm-none-eabi-4_7-2013q2/bin/../lib/gcc/arm-none-eabi/4.7.4/armv6-m/crtend.o
 .jcr           0x0000000000000000        0x4 /Users/stevenparker/toolchains/gcc-arm-none-eabi-4_7-2013q2/bin/../lib/gcc/arm-none-eabi/4.7.4/armv6-m/crtend.o
 .ARM.attributes
                0x0000000000000000       0x2c /Users/stevenparker/toolchains/gcc-arm-none-eabi-4_7-2013q2/bin/../lib/gcc/arm-none-eabi/4.7.4/armv6-m/crtend.o
 .text          0x0000000000000000        0x0 /Users/stevenparker/toolchains/gcc-arm-none-eabi-4_7-2013q2/bin/../lib/gcc/arm-none-eabi/4.7.4/armv6-m/crtn.o
 .data          0x0000000000000000        0x0 /Users/stevenparker/toolchains/gcc-arm-none-eabi-4_7-2013q2/bin/../lib/gcc/arm-none-eabi/4.7.4/armv6-m/crtn.o
 .bss           0x0000000000000000        0x0 /Users/stevenparker/toolchains/gcc-arm-none-eabi-4_7-2013q2/bin/../lib/gcc/arm-none-eabi/4.7.4/armv6-m/crtn.o
 .init          0x0000000000000000        0x8 /Users/stevenparker/toolchains/gcc-arm-none-eabi-4_7-2013q2/bin/../lib/gcc/arm-none-eabi/4.7.4/armv6-m/crtn.o
 .fini          0x0000000000000000        0x8 /Users/stevenparker/toolchains/gcc-arm-none-eabi-4_7-2013q2/bin/../lib/gcc/arm-none-eabi/4.7.4/armv6-m/crtn.o
 .ARM.attributes
                0x0000000000000000       0x1e /Users/stevenparker/toolchains/gcc-arm-none-eabi-4_7-2013q2/bin/../lib/gcc/arm-none-eabi/4.7.4/armv6-m/crtn.o

Memory Configuration

Name             Origin             Length             Attributes
FLASH            0x0000000000000000 0x0000000000007f00 xr
RAM              0x0000000010000000 0x0000000000001000 xrw
*default*        0x0000000000000000 0xffffffffffffffff

Linker script and memory map

LOAD /Users/stevenparker/toolchains/gcc-arm-none-eabi-4_7-2013q2/bin/../lib/gcc/arm-none-eabi/4.7.4/armv6-m/crti.o
LOAD /Users/stevenparker/toolchains/gcc-arm-none-eabi-4_7-2013q2/bin/../lib/gcc/arm-none-eabi/4.7.4/armv6-m/crtbegin.o
LOAD /Users/stevenparker/toolchains/gcc-arm-none-eabi-4_7-2013q2/bin/../lib/gcc/arm-none-eabi/4.7.4/../../../../arm-none-eabi/lib/armv6-m/crt0.o
LOAD /var/folders/wv/bpgj319905s5rl92drfwf9k40000gn/T//ccPqVA6E.o
LOAD /var/folders/wv/bpgj319905s5rl92drfwf9k40000gn/T//ccAS3grK.o
LOAD /Users/stevenparker/toolchains/gcc-arm-none-eabi-4_7-2013q2/bin/../lib/gcc/arm-none-eabi/4.7.4/../../../../arm-none-eabi/lib/armv6-m/libc_s.a
LOAD /Users/stevenparker/toolchains/gcc-arm-none-eabi-4_7-2013q2/bin/../lib/gcc/arm-none-eabi/4.7.4/../../../../arm-none-eabi/lib/armv6-m/libc_s.a
LOAD /Users/stevenparker/toolchains/gcc-arm-none-eabi-4_7-2013q2/bin/../lib/gcc/arm-none-eabi/4.7.4/../../../../arm-none-eabi/lib/armv6-m/libnosys.a
START GROUP
LOAD /Users/stevenparker/toolchains/gcc-arm-none-eabi-4_7-2013q2/bin/../lib/gcc/arm-none-eabi/4.7.4/armv6-m/libgcc.a
LOAD /Users/stevenparker/toolchains/gcc-arm-none-eabi-4_7-2013q2/bin/../lib/gcc/arm-none-eabi/4.7.4/../../../../arm-none-eabi/lib/armv6-m/libc_s.a
END GROUP
LOAD /Users/stevenparker/toolchains/gcc-arm-none-eabi-4_7-2013q2/bin/../lib/gcc/arm-none-eabi/4.7.4/armv6-m/crtend.o
LOAD /Users/stevenparker/toolchains/gcc-arm-none-eabi-4_7-2013q2/bin/../lib/gcc/arm-none-eabi/4.7.4/armv6-m/crtn.o

.text           0x0000000000000000      0x1dc
 *(.isr_vector)
 .isr_vector    0x0000000000000000       0x9c /var/folders/wv/bpgj319905s5rl92drfwf9k40000gn/T//ccAS3grK.o
                0x0000000000000000                __isr_vector
 *(.text*)
 .text.SystemInit
                0x000000000000009c       0x90 /var/folders/wv/bpgj319905s5rl92drfwf9k40000gn/T//ccPqVA6E.o
                0x000000000000009c                SystemInit
 .text.startup.main
                0x000000000000012c       0x60 /var/folders/wv/bpgj319905s5rl92drfwf9k40000gn/T//ccPqVA6E.o
                0x000000000000012c                main
 .text          0x000000000000018c       0x50 /var/folders/wv/bpgj319905s5rl92drfwf9k40000gn/T//ccAS3grK.o
                0x000000000000018c                Reset_Handler
                0x00000000000001cc                NMI_Handler
                0x00000000000001ce                HardFault_Handler
                0x00000000000001d0                SVC_Handler
                0x00000000000001d2                PendSV_Handler
                0x00000000000001d4                SysTick_Handler
                0x00000000000001d6                Default_Handler
                0x00000000000001d6                DEF_IRQHandler
                0x00000000000001d8                I2C_IRQHandler
                0x00000000000001da                UART_IRQHandler
 *(.init)
 *(.fini)
 *crtbegin.o(.ctors)
 *crtbegin?.o(.ctors)
 *(EXCLUDE_FILE(*crtend.o *crtend?.o) .ctors)
 *(SORT(.ctors.*))
 *(.ctors)
 *crtbegin.o(.dtors)
 *crtbegin?.o(.dtors)
 *(EXCLUDE_FILE(*crtend.o *crtend?.o) .dtors)
 *(SORT(.dtors.*))
 *(.dtors)
 *(.rodata*)
 *(.eh_frame*)

.glue_7         0x00000000000001dc        0x0
 .glue_7        0x0000000000000000        0x0 linker stubs

.glue_7t        0x00000000000001dc        0x0
 .glue_7t       0x0000000000000000        0x0 linker stubs

.vfp11_veneer   0x00000000000001dc        0x0
 .vfp11_veneer  0x0000000000000000        0x0 linker stubs

.v4_bx          0x00000000000001dc        0x0
 .v4_bx         0x0000000000000000        0x0 linker stubs

.iplt           0x00000000000001dc        0x0
 .iplt          0x0000000000000000        0x0 /Users/stevenparker/toolchains/gcc-arm-none-eabi-4_7-2013q2/bin/../lib/gcc/arm-none-eabi/4.7.4/armv6-m/crtbegin.o

.rel.dyn        0x00000000000001dc        0x0
 .rel.iplt      0x0000000000000000        0x0 /Users/stevenparker/toolchains/gcc-arm-none-eabi-4_7-2013q2/bin/../lib/gcc/arm-none-eabi/4.7.4/armv6-m/crtbegin.o

.ARM.extab
 *(.ARM.extab* .gnu.linkonce.armextab.*)
                0x00000000000001dc                __exidx_start = .

.ARM.exidx
 *(.ARM.exidx* .gnu.linkonce.armexidx.*)
                0x00000000000001dc                __exidx_end = .
                0x00000000000001dc                __etext = .

.data           0x0000000010000000       0x30 load address 0x00000000000001dc
                0x0000000010000000                __data_start__ = .
 *(vtable)
 *(.data*)
 .data.SYSPLLCLKSEL
                0x0000000010000000        0x4 /var/folders/wv/bpgj319905s5rl92drfwf9k40000gn/T//ccPqVA6E.o
                0x0000000010000000                SYSPLLCLKSEL
 .data.SYSAHBCLKCTRL
                0x0000000010000004        0x4 /var/folders/wv/bpgj319905s5rl92drfwf9k40000gn/T//ccPqVA6E.o
                0x0000000010000004                SYSAHBCLKCTRL
 .data.SYSPLLCTRL
                0x0000000010000008        0x4 /var/folders/wv/bpgj319905s5rl92drfwf9k40000gn/T//ccPqVA6E.o
                0x0000000010000008                SYSPLLCTRL
 .data.SYSPLLSTAT
                0x000000001000000c        0x4 /var/folders/wv/bpgj319905s5rl92drfwf9k40000gn/T//ccPqVA6E.o
                0x000000001000000c                SYSPLLSTAT
 .data.IOCON_PIO0_2
                0x0000000010000010        0x4 /var/folders/wv/bpgj319905s5rl92drfwf9k40000gn/T//ccPqVA6E.o
                0x0000000010000010                IOCON_PIO0_2
 .data.GPIO0DATA
                0x0000000010000014        0x4 /var/folders/wv/bpgj319905s5rl92drfwf9k40000gn/T//ccPqVA6E.o
                0x0000000010000014                GPIO0DATA
 .data.MAINCLKSEL
                0x0000000010000018        0x4 /var/folders/wv/bpgj319905s5rl92drfwf9k40000gn/T//ccPqVA6E.o
                0x0000000010000018                MAINCLKSEL
 .data.MAINCLKUEN
                0x000000001000001c        0x4 /var/folders/wv/bpgj319905s5rl92drfwf9k40000gn/T//ccPqVA6E.o
                0x000000001000001c                MAINCLKUEN
 .data.SYSPLLCLKUEN
                0x0000000010000020        0x4 /var/folders/wv/bpgj319905s5rl92drfwf9k40000gn/T//ccPqVA6E.o
                0x0000000010000020                SYSPLLCLKUEN
 .data.GPIO0DIR
                0x0000000010000024        0x4 /var/folders/wv/bpgj319905s5rl92drfwf9k40000gn/T//ccPqVA6E.o
                0x0000000010000024                GPIO0DIR
 .data.PDRUNCFG
                0x0000000010000028        0x4 /var/folders/wv/bpgj319905s5rl92drfwf9k40000gn/T//ccPqVA6E.o
                0x0000000010000028                PDRUNCFG
 .data.SYSOSCCTRL
                0x000000001000002c        0x4 /var/folders/wv/bpgj319905s5rl92drfwf9k40000gn/T//ccPqVA6E.o
                0x000000001000002c                SYSOSCCTRL
                0x0000000010000030                . = ALIGN (0x4)
                0x0000000010000030                PROVIDE (__preinit_array_start, .)
 *(.preinit_array)
                0x0000000010000030                PROVIDE (__preinit_array_end, .)
                0x0000000010000030                . = ALIGN (0x4)
                0x0000000010000030                PROVIDE (__init_array_start, .)
 *(SORT(.init_array.*))
 *(.init_array)
                0x0000000010000030                PROVIDE (__init_array_end, .)
                0x0000000010000030                . = ALIGN (0x4)
                0x0000000010000030                PROVIDE (__fini_array_start, .)
 *(SORT(.fini_array.*))
 *(.fini_array)
                0x0000000010000030                PROVIDE (__fini_array_end, .)
 *(.jcr)
                0x0000000010000030                . = ALIGN (0x4)
                0x0000000010000030                __data_end__ = .

.igot.plt       0x0000000010000030        0x0 load address 0x000000000000020c
 .igot.plt      0x0000000000000000        0x0 /Users/stevenparker/toolchains/gcc-arm-none-eabi-4_7-2013q2/bin/../lib/gcc/arm-none-eabi/4.7.4/armv6-m/crtbegin.o

.bss            0x0000000010000030        0x0
                0x0000000010000030                . = ALIGN (0x4)
                0x0000000010000030                __bss_start__ = .
 *(.bss*)
 *(COMMON)
                0x0000000010000030                . = ALIGN (0x4)
                0x0000000010000030                __bss_end__ = .

.heap           0x0000000010000030        0x0
                0x0000000010000030                __end__ = .
                0x0000000010000030                end = __end__
 *(.heap*)
 .heap          0x0000000010000030        0x0 /var/folders/wv/bpgj319905s5rl92drfwf9k40000gn/T//ccAS3grK.o
                0x0000000010000030                __HeapLimit = .

.stack_dummy    0x0000000010000030      0x800
 *(.stack*)
 .stack         0x0000000010000030      0x800 /var/folders/wv/bpgj319905s5rl92drfwf9k40000gn/T//ccAS3grK.o
                0x0000000010001000                __StackTop = (ORIGIN (RAM) + 0x1000)
                0x0000000010000800                __StackLimit = (__StackTop - SIZEOF (.stack_dummy))
                0x0000000010001000                PROVIDE (__stack, __StackTop)
                0x0000000000000001                ASSERT ((__StackLimit >= __HeapLimit), region RAM overflowed with stack)
OUTPUT(minimum-CM0.axf elf32-littlearm)

.debug_info     0x0000000000000000      0x1f0
 .debug_info    0x0000000000000000      0x17f /var/folders/wv/bpgj319905s5rl92drfwf9k40000gn/T//ccPqVA6E.o
 .debug_info    0x000000000000017f       0x71 /var/folders/wv/bpgj319905s5rl92drfwf9k40000gn/T//ccAS3grK.o

.debug_abbrev   0x0000000000000000       0x7d
 .debug_abbrev  0x0000000000000000       0x69 /var/folders/wv/bpgj319905s5rl92drfwf9k40000gn/T//ccPqVA6E.o
 .debug_abbrev  0x0000000000000069       0x14 /var/folders/wv/bpgj319905s5rl92drfwf9k40000gn/T//ccAS3grK.o

.debug_loc      0x0000000000000000       0x6d
 .debug_loc     0x0000000000000000       0x6d /var/folders/wv/bpgj319905s5rl92drfwf9k40000gn/T//ccPqVA6E.o

.debug_aranges  0x0000000000000000       0x48
 .debug_aranges
                0x0000000000000000       0x28 /var/folders/wv/bpgj319905s5rl92drfwf9k40000gn/T//ccPqVA6E.o
 .debug_aranges
                0x0000000000000028       0x20 /var/folders/wv/bpgj319905s5rl92drfwf9k40000gn/T//ccAS3grK.o

.debug_ranges   0x0000000000000000       0x18
 .debug_ranges  0x0000000000000000       0x18 /var/folders/wv/bpgj319905s5rl92drfwf9k40000gn/T//ccPqVA6E.o

.debug_line     0x0000000000000000      0x109
 .debug_line    0x0000000000000000       0x95 /var/folders/wv/bpgj319905s5rl92drfwf9k40000gn/T//ccPqVA6E.o
 .debug_line    0x0000000000000095       0x74 /var/folders/wv/bpgj319905s5rl92drfwf9k40000gn/T//ccAS3grK.o

.debug_str      0x0000000000000000      0x122
 .debug_str     0x0000000000000000      0x122 /var/folders/wv/bpgj319905s5rl92drfwf9k40000gn/T//ccPqVA6E.o

.comment        0x0000000000000000       0x70
 .comment       0x0000000000000000       0x70 /var/folders/wv/bpgj319905s5rl92drfwf9k40000gn/T//ccPqVA6E.o
                                         0x71 (size before relaxing)

.ARM.attributes
                0x0000000000000000       0x28
 .ARM.attributes
                0x0000000000000000       0x31 /var/folders/wv/bpgj319905s5rl92drfwf9k40000gn/T//ccPqVA6E.o
 .ARM.attributes
                0x0000000000000031       0x1b /var/folders/wv/bpgj319905s5rl92drfwf9k40000gn/T//ccAS3grK.o

.debug_frame    0x0000000000000000       0x30
 .debug_frame   0x0000000000000000       0x30 /var/folders/wv/bpgj319905s5rl92drfwf9k40000gn/T//ccPqVA6E.o
